{
  "Version":"2",
  "Timestamp":"1970-01-01T00:00:00.0000",
  "Meters":[{
      "Name":"# of message failures / sec",
      "Count":0,
      "MeanRate":0.00,
      "OneMinuteRate":0.00,
      "FiveMinuteRate":0.00,
      "FifteenMinuteRate":0.00,
      "Unit":"Messages",
      "RateUnit":"s"
    },{
      "Name":"# of messages pulled from the input queue / sec",
      "Count":0,
      "MeanRate":0.00,
      "OneMinuteRate":0.00,
      "FiveMinuteRate":0.00,
      "FifteenMinuteRate":0.00,
      "Unit":"Messages",
      "RateUnit":"s"
    },{
      "Name":"# of messages successfully processed / sec",
      "Count":0,
      "MeanRate":0.00,
      "OneMinuteRate":0.00,
      "FiveMinuteRate":0.00,
      "FifteenMinuteRate":0.00,
      "Unit":"Messages",
      "RateUnit":"s"
    }],
  "Timers":[{
      "Name":"Critical Time",
      "Count":0,
      "ActiveSessions":0,
      "TotalTime":0,
      "Rate":{
          "MeanRate":0.00,
          "OneMinuteRate":0.00,
          "FiveMinuteRate":0.00,
          "FifteenMinuteRate":0.00
        },
      "Histogram":{
          "LastValue":0.00,
          "Min":0.00,
          "Mean":0.00,
          "StdDev":0.00,
          "Median":0.00,
          "Percentile75":0.00,
          "Percentile95":0.00,
          "Percentile98":0.00,
          "Percentile99":0.00,
          "Percentile999":0.00,
          "SampleSize":0
        },
      "Unit":"Messages",
      "RateUnit":"s",
      "DurationUnit":"ms"
    },{
      "Name":"Processing Time",
      "Count":0,
      "ActiveSessions":0,
      "TotalTime":0,
      "Rate":{
          "MeanRate":0.00,
          "OneMinuteRate":0.00,
          "FiveMinuteRate":0.00,
          "FifteenMinuteRate":0.00
        },
      "Histogram":{
          "LastValue":0.00,
          "Min":0.00,
          "Mean":0.00,
          "StdDev":0.00,
          "Median":0.00,
          "Percentile75":0.00,
          "Percentile95":0.00,
          "Percentile98":0.00,
          "Percentile99":0.00,
          "Percentile999":0.00,
          "SampleSize":0
        },
      "Unit":"Messages",
      "RateUnit":"s",
      "DurationUnit":"ms"
    }]
}
